Xin V++: 42
x/7
[00012] [a    ]
+7 (7) 1,234,567
17 ff FF
3.14 1.25e+01 1.23e+03
true false A Đ
%:
x
Việ
1.234.567 1.234,50 1,25e+01
1,234.50
[V++/vi-VN   ]
Tên=V++, số=1.234,50
prefix:12.345/ok
FORMAT_CONVERSION
1
FORMAT_RESOURCE_LIMIT
FORMAT_INVALID
FORMAT_CONVERSION
FORMAT_MISSING_ARGUMENT
FORMAT_DUPLICATE_FLAG
FORMAT_UNKNOWN_FLAG
FORMAT_MISSING_WIDTH
FORMAT_CODEPOINT
FORMAT_LOCALE
FORMAT_PROCESSOR_INVALID
FORMAT_APPENDABLE
