:: V++ API Project ::
(V++ style startup)
Datasource: mysql://localhost:3306/testVXX
Tomcat started on port(s): 8080 (http) with context path ''
Started ApiProjectApplication in 0.000 seconds
Press Ctrl+C to stop
{"data":{"status":"UP"},"success":true,"message":"UP"}
{"data":{"token":"eyJhbGciOiJIUzUxMiJ9.demo-token","refreshToken":"eyJhbGciOiJIUzUxMiJ9.demo-refresh"},"success":true,"message":"Đăng nhập thành công"}
{"data":{"requestId":"req-001"},"success":false,"message":"missing-token"}
{"data":{"requestId":"req-002"},"success":false,"message":"invalid-token"}
{"data":{"requestId":"req-003","users":["an","binh"]},"success":true,"message":"Thành công"}
{"data":{"requestId":"req-004","value":"created-user"},"success":true,"message":"Tạo mới thành công"}
{"data":{"requestId":"req-005","value":"updated-user"},"success":true,"message":"Thành công"}
{"data":{"requestId":"req-006","value":"deleted"},"success":true,"message":"Xóa thành công"}
{"data":{"requestId":"req-007"},"success":false,"message":"not-found"}
Stopping V++ API Project
