[IN] Tọa độ đặc biệt: tổng là 9 → (3, 2, 4)
[IN] Tọa độ hợp lệ: (3, 2, 6)
[IN] Tọa độ hợp lệ: (3, 2, 8)
[IN] Tọa độ hợp lệ: (3, 4, 6)
[IN] Tọa độ đặc biệt: tổng là 15 → (3, 4, 8)
[IN] Tọa độ đặc biệt: tổng là 15 → (3, 5, 7)
[IN] Tọa độ hợp lệ: (3, 6, 4)
[IN] Tọa độ hợp lệ: (3, 6, 8)
[IN] Tọa độ đặc biệt: tổng là 15 → (3, 7, 5)
[IN] Tọa độ đặc biệt: tổng là 15 → (3, 8, 4)
[IN] Tọa độ hợp lệ: (3, 8, 6)
[IN] Tọa độ đặc biệt: tổng là 9 → (4, 2, 3)
[IN] Tọa độ hợp lệ: (4, 3, 6)
[IN] Tọa độ đặc biệt: tổng là 15 → (4, 3, 8)
[IN] Tọa độ đặc biệt: tổng là 15 → (4, 5, 6)
[IN] Tọa độ hợp lệ: (4, 6, 3)
[IN] Tọa độ đặc biệt: tổng là 15 → (4, 6, 5)
[IN] Tọa độ hợp lệ: (4, 6, 7)
[IN] Tọa độ hợp lệ: (4, 7, 6)
[IN] Tọa độ đặc biệt: tổng là 15 → (4, 8, 3)
[IN] Tọa độ hợp lệ: (5, 2, 6)
[IN] Tọa độ đặc biệt: tổng là 15 → (5, 3, 7)
[IN] Tọa độ đặc biệt: tổng là 15 → (5, 4, 6)
[IN] Tọa độ đặc biệt: tổng là 15 → (5, 6, 4)
[IN] Tọa độ hợp lệ: (5, 6, 8)
[IN] Tọa độ đặc biệt: tổng là 15 → (5, 7, 3)
[IN] Tọa độ hợp lệ: (5, 8, 6)
[IN] Tọa độ hợp lệ: (6, 2, 3)
[IN] Tọa độ hợp lệ: (6, 2, 5)
[IN] Tọa độ đặc biệt: tổng là 15 → (6, 2, 7)
[IN] Tọa độ hợp lệ: (6, 3, 4)
[IN] Tọa độ hợp lệ: (6, 3, 8)
[IN] Tọa độ hợp lệ: (6, 4, 3)
[IN] Tọa độ đặc biệt: tổng là 15 → (6, 4, 5)
[IN] Tọa độ hợp lệ: (6, 4, 7)
[IN] Tọa độ đặc biệt: tổng là 15 → (6, 5, 4)
[IN] Tọa độ hợp lệ: (6, 5, 8)
[IN] Tọa độ hợp lệ: (6, 7, 4)
[IN] Tọa độ hợp lệ: (6, 7, 8)
[IN] Tọa độ hợp lệ: (6, 8, 3)
[IN] Tọa độ hợp lệ: (6, 8, 5)
[IN] Tọa độ hợp lệ: (6, 8, 7)
[IN] Tọa độ đặc biệt: tổng là 15 → (7, 2, 6)
[IN] Tọa độ đặc biệt: tổng là 15 → (7, 3, 5)
[IN] Tọa độ hợp lệ: (7, 4, 6)
[IN] Tọa độ đặc biệt: tổng là 15 → (7, 5, 3)
[IN] Tọa độ hợp lệ: (7, 6, 4)
[IN] Tọa độ hợp lệ: (7, 6, 8)
[IN] Tọa độ hợp lệ: (7, 8, 6)
[IN] Tọa độ hợp lệ: (8, 2, 3)
[IN] Tọa độ đặc biệt: tổng là 15 → (8, 3, 4)
[IN] Tọa độ hợp lệ: (8, 3, 6)
[IN] Tọa độ đặc biệt: tổng là 15 → (8, 4, 3)
[IN] Tọa độ hợp lệ: (8, 5, 6)
[IN] Tọa độ hợp lệ: (8, 6, 3)
[IN] Tọa độ hợp lệ: (8, 6, 5)
[IN] Tọa độ hợp lệ: (8, 6, 7)
[IN] Tọa độ hợp lệ: (8, 7, 6)
[IN] Chương trình xử lý dữ liệu không gian hoàn thành
[IN] Giao dịch Hợp lệ: 13, 1000 trong Tháng 1
[IN] Giao dịch Hợp lệ: 13, 1000 trong Tháng 2
[IN] Giao dịch Hợp lệ: 13, 1000 trong Tháng 3
[IN] Giao dịch Hợp lệ: 13, 1000 trong Tháng 10
[IN] Giao dịch Hợp lệ: 13, 1000 trong Tháng 11
[IN] Giao dịch Hợp lệ: 13, 1000 trong Tháng 12
[IN] Giao dịch Hợp lệ: 15, 1000 trong Tháng 1
[IN] Giao dịch Hợp lệ: 15, 1000 trong Tháng 2
[IN] Giao dịch Hợp lệ: 15, 1000 trong Tháng 3
[IN] Giao dịch Hợp lệ: 15, 1000 trong Tháng 10
[IN] Giao dịch Hợp lệ: 15, 1000 trong Tháng 11
[IN] Giao dịch Hợp lệ: 15, 1000 trong Tháng 12
[IN] Giao dịch Hợp lệ: 13, 2000 trong Tháng 1
[IN] Giao dịch Hợp lệ: 13, 2000 trong Tháng 2
[IN] Giao dịch Hợp lệ: 13, 2000 trong Tháng 3
[IN] Giao dịch Hợp lệ: 13, 2000 trong Tháng 10
[IN] Giao dịch Hợp lệ: 13, 2000 trong Tháng 11
[IN] Giao dịch Hợp lệ: 13, 2000 trong Tháng 12
[IN] Giao dịch Hợp lệ: 15, 2000 trong Tháng 1
[IN] Giao dịch Hợp lệ: 15, 2000 trong Tháng 2
[IN] Giao dịch Hợp lệ: 15, 2000 trong Tháng 3
[IN] Giao dịch Hợp lệ: 15, 2000 trong Tháng 10
[IN] Giao dịch Hợp lệ: 15, 2000 trong Tháng 11
[IN] Giao dịch Hợp lệ: 15, 2000 trong Tháng 12
[IN] Giao dịch ĐỘT PHÁ: 13, 3000 trong Tháng 1
[IN] Giao dịch ĐỘT PHÁ: 13, 3000 trong Tháng 2
[IN] Giao dịch ĐỘT PHÁ: 13, 3000 trong Tháng 3
[IN] Giao dịch ĐỘT PHÁ: 13, 3000 trong Tháng 10
[IN] Giao dịch ĐỘT PHÁ: 13, 3000 trong Tháng 11
[IN] Giao dịch ĐỘT PHÁ: 13, 3000 trong Tháng 12
[IN] Giao dịch ĐỘT PHÁ: 15, 3000 trong Tháng 1
[IN] Giao dịch ĐỘT PHÁ: 15, 3000 trong Tháng 2
[IN] Giao dịch ĐỘT PHÁ: 15, 3000 trong Tháng 3
[IN] Giao dịch ĐỘT PHÁ: 15, 3000 trong Tháng 10
[IN] Giao dịch ĐỘT PHÁ: 15, 3000 trong Tháng 11
[IN] Giao dịch ĐỘT PHÁ: 15, 3000 trong Tháng 12
[IN] Giao dịch ƯU TIÊN: 13, 4000 trong Tháng 1
[IN] Giao dịch ƯU TIÊN: 13, 4000 trong Tháng 2
[IN] Giao dịch ƯU TIÊN: 13, 4000 trong Tháng 3
[IN] Giao dịch ƯU TIÊN: 13, 4000 trong Tháng 10
[IN] Giao dịch ƯU TIÊN: 13, 4000 trong Tháng 11
[IN] Giao dịch ƯU TIÊN: 13, 4000 trong Tháng 12
[IN] Giao dịch ƯU TIÊN: 15, 4000 trong Tháng 1
[IN] Giao dịch ƯU TIÊN: 15, 4000 trong Tháng 2
[IN] Giao dịch ƯU TIÊN: 15, 4000 trong Tháng 3
[IN] Giao dịch ƯU TIÊN: 15, 4000 trong Tháng 10
[IN] Giao dịch ƯU TIÊN: 15, 4000 trong Tháng 11
[IN] Giao dịch ƯU TIÊN: 15, 4000 trong Tháng 12
[IN] Chương trình lọc giao dịch hoàn thành
