[IN] Số nguyên tố: 2
[IN] Số nguyên tố: 3
[IN] Số nguyên tố: 5
[IN] Số nguyên tố: 7
[IN] Số nguyên không phải là số nguyên tố: 1
[IN] Số nguyên không phải là số nguyên tố: 4
[IN] Số nguyên không phải là số nguyên tố: 6
[IN] Số nguyên không phải là số nguyên tố: 8
[IN] Số nguyên không phải là số nguyên tố: 9
[IN] Số nguyên không phải là số nguyên tố: 10
