Lỗi: không thể chia 21 cho 0
Điều đã xảy ra: Chương trình đang cố lấy 21 chia cho 0. Số chia bằng 0 nên phép chia không thể cho ra kết quả hợp lệ.
Cách sửa: Hãy kiểm tra số chia trước khi chia. Nếu số chia bằng 0, hãy xử lý trường hợp đó trước.
Dấu vết lỗi:
  ở gâyLỗi (src/tests/fixtures/stack_trace/module_loi.vi:4:16) [mô đun=src/tests/fixtures/stack_trace/module_loi.vi]
  ở main (src/tests/kiem_tra_stack_trace_module.vi:6:8) [mô đun=src/tests/kiem_tra_stack_trace_module.vi]
