HTTP Method: GET
CASE-OK
200
users=[an,binh,chi]
req-001
HTTP Method: POST
CASE-CREATED
201
created-user
req-002
HTTP Method: PUT
CASE-OK
200
updated-user
req-003
HTTP Method: DELETE
CASE-NO-CONTENT
204
deleted
req-004
HTTP Method: DELETE
[LỖI] ERR user-not-found
CASE-NOT-FOUND
404
user-not-found
req-005
