Số nguyên tố: 2
Số nguyên tố: 3
Số nguyên tố: 5
Số nguyên tố: 7
Số nguyên không phải là số nguyên tố: 1
Số nguyên không phải là số nguyên tố: 4
Số nguyên không phải là số nguyên tố: 6
Số nguyên không phải là số nguyên tố: 8
Số nguyên không phải là số nguyên tố: 9
Số nguyên không phải là số nguyên tố: 10
