[IN] 8
[IN] tệiV
[IN] ệ
[IN] 𠀀
[IN] ệ
[IN] 5
[IN] Việt
[IN] 𠀀V
[IN] ệt
[IN] đặng thị hồng 𠀀中
[IN] VIỆT NAM ƯƠ 𠀀中
[IN] Việt Nam
[IN] Ắ Ớ
[IN] 42
[IN] 3.5
[IN] 12
[IN] danh sách
[IN] 5
[IN] a/b
[IN] a/b
[IN] stdlib_nền_tảng_𠀀
[IN] 1
[IN] 1
[IN] 1
[IN] 1
[IN] [mẫu.txt]
[IN] mặc định
[IN] đã ngủ
[IN] 1
