Lỗi: OP_GOI: hàm không tồn tại (mã/chỉ số tên=7, tên='?')
Điều đã xảy ra: Chương trình đang cố gọi một giá trị như hàm, nhưng giá trị đó không trỏ tới một hàm có thể chạy.
Cách sửa: Hãy kiểm tra biến đứng ở vị trí lời gọi và bảo đảm nó đang chứa tham chiếu hàm hoặc hàm đóng hợp lệ.
Dấu vết lỗi:
  ở main (src/tests/kiem_tra_loi_gia_tri_khong_the_goi.vi:4:8) [mô đun=src/tests/kiem_tra_loi_gia_tri_khong_the_goi.vi]
