Số chia dư cho 4 là: 12
Số chia dư cho 4 là: 15
Số chia dư cho 4 là: 18
Số chia dư cho 4 là: 21
Số chia dư cho 4 là: 24
Số chia dư cho 4 là: 27
Số chia dư cho 4 là: 30
Số chia dư cho 4 là: 33
Số chia dư cho 4 là: 36
Số chia dư cho 4 là: 39
Số chia dư cho 4 là: 42
Số chia dư cho 4 là: 45
Số chia dư cho 4 là: 48
