[IN] Số chia dư cho 4 là: 12
[IN] Số chia dư cho 4 là: 15
[IN] Số chia dư cho 4 là: 18
[IN] Số chia dư cho 4 là: 21
[IN] Số chia dư cho 4 là: 24
[IN] Số chia dư cho 4 là: 27
[IN] Số chia dư cho 4 là: 30
[IN] Số chia dư cho 4 là: 33
[IN] Số chia dư cho 4 là: 36
[IN] Số chia dư cho 4 là: 39
[IN] Số chia dư cho 4 là: 42
[IN] Số chia dư cho 4 là: 45
[IN] Số chia dư cho 4 là: 48